// Vitest Snapshot v1, https://vitest.dev/guide/snapshot.html

exports[`MultiSelect > Props > should render as expected 1`] = `
<div
  class="flex flex-col gap-1.5 min-w-52 max-w-3xl w-full"
>
  <div
    class=""
  >
    <div
      class="flex items-center gap-1.5"
    >
      <label
        class="text-sm font-medium leading-none text-muted-foreground"
        for="_r_0_"
      >
        Team Members
      </label>
    </div>
  </div>
  <div
    class="w-full"
  >
    <button
      aria-describedby="_r_0_-message"
      aria-expanded="false"
      aria-haspopup="dialog"
      class="flex min-h-9 w-full items-center gap-2 rounded-md border bg-transparent px-3 py-1.5 text-sm shadow-sm ring-offset-background hover:bg-muted focus:outline-none focus:ring-1 focus:ring-ring disabled:cursor-not-allowed disabled:opacity-50 border-input"
      data-state="closed"
      id="_r_0_"
      role="combobox"
      type="button"
    >
      <div
        class="flex-1 text-left text-muted-foreground"
      >
        Select members...
      </div>
      <div
        class="ml-auto shrink-0"
      >
        <svg
          class="lucide lucide-chevron-down h-4 w-4 opacity-50"
          fill="none"
          height="24"
          stroke="currentColor"
          stroke-linecap="round"
          stroke-linejoin="round"
          stroke-width="2"
          viewBox="0 0 24 24"
          width="24"
          xmlns="http://www.w3.org/2000/svg"
        >
          <path
            d="m6 9 6 6 6-6"
          />
        </svg>
      </div>
    </button>
    <p
      class="text-sm text-muted-foreground"
      id="_r_0_-message"
    >
      Choose one or more
    </p>
  </div>
</div>
`;
